L'extension .log n'est pas pr√©sente dans le fichier log