L'extension .dot n'est pas pr√©sente dans le nom du fichier graphe