/page2.html (3 hits)
/page3.html (1 hits)
/page1.html (1 hits)
/image3.jpeg (1 hits)
/image2.png (1 hits)
/image1.jpg (1 hits)
/gif1.gif (1 hits)
/doc2.js (1 hits)
/doc1.css (1 hits)